###############################################################################
#
# IAR ELF Linker V8.32.1.169/W32 for ARM                  02/Mar/2023  21:28:33
# Copyright 2007-2018 IAR Systems AB.
#
#    Output file  =  E:\workCode\git\Irda\SourceCode\Debug\Exe\IrControl.out
#    Map file     =  E:\workCode\git\Irda\SourceCode\Debug\List\IrControl.map
#    Command line =  
#        -f C:\Users\ADMINI~1\AppData\Local\Temp\EW8B00.tmp
#        (E:\workCode\git\Irda\SourceCode\Debug\Obj\delay.o
#        E:\workCode\git\Irda\SourceCode\Debug\Obj\hal_gpio.o
#        E:\workCode\git\Irda\SourceCode\Debug\Obj\hal_timer.o
#        E:\workCode\git\Irda\SourceCode\Debug\Obj\hal_uart.o
#        E:\workCode\git\Irda\SourceCode\Debug\Obj\init.o
#        E:\workCode\git\Irda\SourceCode\Debug\Obj\ir_control.o
#        E:\workCode\git\Irda\SourceCode\Debug\Obj\main.o
#        E:\workCode\git\Irda\SourceCode\Debug\Obj\misc.o
#        E:\workCode\git\Irda\SourceCode\Debug\Obj\n32g030_adc.o
#        E:\workCode\git\Irda\SourceCode\Debug\Obj\n32g030_beeper.o
#        E:\workCode\git\Irda\SourceCode\Debug\Obj\n32g030_comp.o
#        E:\workCode\git\Irda\SourceCode\Debug\Obj\n32g030_crc.o
#        E:\workCode\git\Irda\SourceCode\Debug\Obj\n32g030_dbg.o
#        E:\workCode\git\Irda\SourceCode\Debug\Obj\n32g030_dma.o
#        E:\workCode\git\Irda\SourceCode\Debug\Obj\n32g030_exti.o
#        E:\workCode\git\Irda\SourceCode\Debug\Obj\n32g030_flash.o
#        E:\workCode\git\Irda\SourceCode\Debug\Obj\n32g030_gpio.o
#        E:\workCode\git\Irda\SourceCode\Debug\Obj\n32g030_hdiv.o
#        E:\workCode\git\Irda\SourceCode\Debug\Obj\n32g030_i2c.o
#        E:\workCode\git\Irda\SourceCode\Debug\Obj\n32g030_it.o
#        E:\workCode\git\Irda\SourceCode\Debug\Obj\n32g030_iwdg.o
#        E:\workCode\git\Irda\SourceCode\Debug\Obj\n32g030_lptim.o
#        E:\workCode\git\Irda\SourceCode\Debug\Obj\n32g030_lpuart.o
#        E:\workCode\git\Irda\SourceCode\Debug\Obj\n32g030_opamp.o
#        E:\workCode\git\Irda\SourceCode\Debug\Obj\n32g030_pwr.o
#        E:\workCode\git\Irda\SourceCode\Debug\Obj\n32g030_rcc.o
#        E:\workCode\git\Irda\SourceCode\Debug\Obj\n32g030_rtc.o
#        E:\workCode\git\Irda\SourceCode\Debug\Obj\n32g030_spi.o
#        E:\workCode\git\Irda\SourceCode\Debug\Obj\n32g030_sqrt.o
#        E:\workCode\git\Irda\SourceCode\Debug\Obj\n32g030_tim.o
#        E:\workCode\git\Irda\SourceCode\Debug\Obj\n32g030_usart.o
#        E:\workCode\git\Irda\SourceCode\Debug\Obj\n32g030_wwdg.o
#        E:\workCode\git\Irda\SourceCode\Debug\Obj\protocol.o
#        E:\workCode\git\Irda\SourceCode\Debug\Obj\startup_n32g030_EWARM.o
#        E:\workCode\git\Irda\SourceCode\Debug\Obj\system_n32g030.o
#        --no_out_extension -o
#        E:\workCode\git\Irda\SourceCode\Debug\Exe\IrControl.out --redirect
#        _Printf=_PrintfFullNoMb --redirect _Scanf=_ScanfFullNoMb --map
#        E:\workCode\git\Irda\SourceCode\Debug\List\IrControl.map --config
#        "C:\Program Files (x86)\IAR Systems\Embedded Workbench
#        8.2\arm\config\linker\Nations\N32G030\N32G030x6.icf" --semihosting
#        --entry __iar_program_start --vfe --text_out locale)
#
###############################################################################

*******************************************************************************
*** RUNTIME MODEL ATTRIBUTES
***

CppFlavor       = *
__SystemLibrary = DLib
__dlib_version  = 6


*******************************************************************************
*** HEAP SELECTION
***

The basic heap was selected because no calls to memory allocation
functions were found in the application outside of system library
functions, and there are calls to deallocation functions in the
application.


*******************************************************************************
*** PLACEMENT SUMMARY
***

"A0":  place at 0x800'0000 { ro section .intvec };
"P1":  place in [from 0x0 to 0x0] |
                [from 0x800'0000 to 0x800'7fff] { ro };
define block CSTACK with size = 1K, alignment = 8 { };
define block PROC_STACK with size = 0M, alignment = 8 { };
define block HEAP with size = 512, alignment = 8 { };
"P3":  place in [from 0x0 to 0x0] |
                [from 0x2000'0000 to 0x2000'1fff] {
          rw, block CSTACK, block PROC_STACK, block HEAP };
initialize by copy { rw };

No sections matched the following patterns:

  ro section application_specific_ro  in "P2|P4"
  rw section application_specific_rw  in "P2|P4"


  Section            Kind         Address    Size  Object
  -------            ----         -------    ----  ------
"A0":                                        0xc0
  .intvec            ro code   0x800'0000    0xc0  startup_n32g030_EWARM.o [1]
                             - 0x800'00c0    0xc0

"P1":                                      0x3068
  .text              ro code   0x800'00c0   0xe6e  xprintffull_nomb.o [2]
  .text              ro code   0x800'0f2e     0xa  n32g030_it.o [1]
  .text              ro code   0x800'0f38    0x12  strchr.o [4]
  .text              ro code   0x800'0f4a     0x2  startup_n32g030_EWARM.o [1]
  .text              ro code   0x800'0f4c    0x48  xfail_s.o [2]
  .text              ro code   0x800'0f94     0xe  strlen.o [4]
  .text              ro code   0x800'0fa2     0x2  startup_n32g030_EWARM.o [1]
  .text              ro code   0x800'0fa4    0x16  memchr.o [4]
  .text              ro code   0x800'0fba    0x6a  I64DivMod.o [4]
  .text              ro code   0x800'1024   0x184  DblMul.o [3]
  .text              ro code   0x800'11a8    0x4e  ABImemcpy.o [4]
  .text              ro code   0x800'11f6    0x32  DblCmpLe.o [3]
  .text              ro code   0x800'1228    0x32  DblCmpGe.o [3]
  .text              ro code   0x800'125a     0x2  startup_n32g030_EWARM.o [1]
  .text              ro code   0x800'125c    0x52  DblToI32.o [3]
  .text              ro code   0x800'12ae     0x2  startup_n32g030_EWARM.o [1]
  .text              ro code   0x800'12b0    0x34  IxxToDbl.o [3]
  .text              ro code   0x800'12e4   0x1a8  DblAddSub.o [3]
  .text              ro code   0x800'148c    0xe0  I32DivModFast.o [4]
  .text              ro code   0x800'156c    0xc2  DblDiv.o [3]
  .text              ro code   0x800'162e     0x2  startup_n32g030_EWARM.o [1]
  .text              ro code   0x800'1630     0xc  xlocale_c.o [2]
  .text              ro code   0x800'163c     0xa  abort.o [2]
  .text              ro code   0x800'1646     0x2  startup_n32g030_EWARM.o [1]
  .text              ro code   0x800'1648     0x2  I64DivZer.o [4]
  .text              ro code   0x800'164a     0x2  startup_n32g030_EWARM.o [1]
  .text              ro code   0x800'164c     0x2  IntDivZer.o [4]
  .text              ro code   0x800'164e     0x2  startup_n32g030_EWARM.o [1]
  .text              ro code   0x800'1650    0x14  exit.o [5]
  .text              ro code   0x800'1664   0x510  protocol.o [1]
  .text              ro code   0x800'1b74   0x3f4  hal_uart.o [1]
  .text              ro code   0x800'1f68   0x164  hal_timer.o [1]
  .text              ro code   0x800'20cc   0x16c  hal_gpio.o [1]
  .text              ro code   0x800'2238   0x1c0  n32g030_gpio.o [1]
  .text              ro code   0x800'23f8    0xe8  ir_control.o [1]
  .text              ro code   0x800'24e0    0x5e  ABImemset.o [4]
  .text              ro code   0x800'253e     0x2  startup_n32g030_EWARM.o [1]
  .text              ro code   0x800'2540    0x94  misc.o [1]
  .text              ro code   0x800'25d4   0x19e  n32g030_usart.o [1]
  .text              ro code   0x800'2772     0x2  startup_n32g030_EWARM.o [1]
  .text              ro code   0x800'2774   0x358  n32g030_rcc.o [1]
  .text              ro code   0x800'2acc   0x14c  n32g030_tim.o [1]
  .text              ro code   0x800'2c18    0x2a  delay.o [1]
  .text              ro code   0x800'2c42     0x2  startup_n32g030_EWARM.o [1]
  .text              ro code   0x800'2c44    0xfc  system_n32g030.o [1]
  .text              ro code   0x800'2d40    0xdc  main.o [1]
  .text              ro code   0x800'2e1c    0x14  n32g030_flash.o [1]
  .text              ro code   0x800'2e30    0x9c  init.o [1]
  .text              ro code   0x800'2ecc    0x28  printf.o [2]
  .text              ro code   0x800'2ef4    0x3c  zero_init3.o [4]
  .text              ro code   0x800'2f30    0x30  copy_init3.o [4]
  .text              ro code   0x800'2f60    0x28  data_init.o [4]
  .iar.init_table    const     0x800'2f88    0x24  - Linker created -
  .text              ro code   0x800'2fac    0x1e  cmain.o [4]
  .text              ro code   0x800'2fca     0x4  low_level_init.o [2]
  .text              ro code   0x800'2fce     0x8  exit.o [2]
  .text              ro code   0x800'2fd6     0x2  startup_n32g030_EWARM.o [1]
  .text              ro code   0x800'2fd8     0xa  cexit.o [4]
  .text              ro code   0x800'2fe2    0x16  xprout.o [2]
  .text              ro code   0x800'2ff8    0x10  putchar.o [2]
  .rodata            const     0x800'3008    0x10  xprintffull_nomb.o [2]
  .text              ro code   0x800'3018    0x10  startup_n32g030_EWARM.o [1]
  .text              ro code   0x800'3028     0xc  cstartup_M.o [4]
  .rodata            const     0x800'3034     0x4  xlocale_c.o [2]
  .text              ro code   0x800'3038     0x2  startup_n32g030_EWARM.o [1]
  .text              ro code   0x800'303a     0x2  startup_n32g030_EWARM.o [1]
  .text              ro code   0x800'303c     0x2  startup_n32g030_EWARM.o [1]
  .text              ro code   0x800'303e     0x2  startup_n32g030_EWARM.o [1]
  .text              ro code   0x800'3040     0x2  startup_n32g030_EWARM.o [1]
  .text              ro code   0x800'3042     0x2  startup_n32g030_EWARM.o [1]
  .text              ro code   0x800'3044     0x2  startup_n32g030_EWARM.o [1]
  .text              ro code   0x800'3046     0x2  startup_n32g030_EWARM.o [1]
  .text              ro code   0x800'3048     0x2  startup_n32g030_EWARM.o [1]
  .text              ro code   0x800'304a     0x2  startup_n32g030_EWARM.o [1]
  .text              ro code   0x800'304c     0x2  startup_n32g030_EWARM.o [1]
  .text              ro code   0x800'304e     0x2  startup_n32g030_EWARM.o [1]
  .text              ro code   0x800'3050     0x2  startup_n32g030_EWARM.o [1]
  .text              ro code   0x800'3052     0x2  startup_n32g030_EWARM.o [1]
  .text              ro code   0x800'3054     0x2  startup_n32g030_EWARM.o [1]
  .rodata            const     0x800'3056     0x0  zero_init3.o [4]
  .rodata            const     0x800'3056     0x0  copy_init3.o [4]
  Initializer bytes  const     0x800'3058    0xd0  <for P3 s0>
                             - 0x800'3128  0x3068

"P3", part 1 of 3:                           0xd0
  P3 s0                       0x2000'0000    0xd0  <Init block>
    .data            inited   0x2000'0000    0x48  protocol.o [1]
    .data            inited   0x2000'0048    0x48  xfiles.o [2]
    .data            inited   0x2000'0090    0x38  xlocale_c.o [2]
    .data            inited   0x2000'00c8     0x8  init.o [1]
                            - 0x2000'00d0    0xd0

"P3", part 2 of 3:                          0x368
  .bss               zero     0x2000'00d0   0x100  hal_uart.o [1]
  .bss               zero     0x2000'01d0   0x100  hal_uart.o [1]
  .bss               zero     0x2000'02d0    0x78  protocol.o [1]
  .bss               zero     0x2000'0348    0x68  protocol.o [1]
  .bss               zero     0x2000'03b0    0x50  xfiles.o [2]
  .bss               zero     0x2000'0400    0x20  protocol.o [1]
  .bss               zero     0x2000'0420     0x4  delay.o [1]
  .bss               zero     0x2000'0424     0x4  init.o [1]
  .bss               zero     0x2000'0428     0x4  xfail_s.o [2]
  .bss               zero     0x2000'042c     0x3  hal_uart.o [1]
  .bss               zero     0x2000'042f     0x3  hal_uart.o [1]
  .bss               zero     0x2000'0432     0x2  hal_timer.o [1]
  .bss               zero     0x2000'0434     0x2  main.o [1]
                            - 0x2000'0436   0x366

"P3", part 3 of 3:                          0x400
  CSTACK                      0x2000'0438   0x400  <Block>
    CSTACK           uninit   0x2000'0438   0x400  <Block tail>
                            - 0x2000'0838   0x400

Unused ranges:

         From           To    Size
         ----           --    ----
          0x0          0x0     0x1
   0x800'3128   0x800'7fff  0x4ed8
  0x2000'0838  0x2000'1fff  0x17c8


*******************************************************************************
*** INIT TABLE
***

          Address      Size
          -------      ----
Zero (__iar_zero_init3)
    1 destination range, total size 0x366:
          0x2000'00d0  0x366

Copy (__iar_copy_init3)
    1 source range, total size 0xd0:
           0x800'3058   0xd0
    1 destination range, total size 0xd0:
          0x2000'0000   0xd0



*******************************************************************************
*** MODULE SUMMARY
***

    Module                   ro code  ro data  rw data
    ------                   -------  -------  -------
command line/config:
    --------------------------------------------------
    Total:

E:\workCode\git\Irda\SourceCode\Debug\Obj: [1]
    delay.o                       42                 4
    hal_gpio.o                   364
    hal_timer.o                  356                 2
    hal_uart.o                 1 012               518
    init.o                       156        8       12
    ir_control.o                 232
    main.o                       220                 2
    misc.o                       148
    n32g030_flash.o               20
    n32g030_gpio.o               448
    n32g030_it.o                  10
    n32g030_rcc.o                856
    n32g030_tim.o                332
    n32g030_usart.o              414
    protocol.o                 1 296       72      328
    startup_n32g030_EWARM.o      262
    system_n32g030.o             252
    --------------------------------------------------
    Total:                     6 420       80      866

dl6M_tlf.a: [2]
    abort.o                       10
    exit.o                         8
    low_level_init.o               4
    printf.o                      40
    putchar.o                     16
    xfail_s.o                     72                 4
    xfiles.o                               72      152
    xlocale_c.o                   12       60       56
    xprintffull_nomb.o         3 694       16
    xprout.o                      22
    --------------------------------------------------
    Total:                     3 878      148      212

m6M_tl.a: [3]
    DblAddSub.o                  424
    DblCmpGe.o                    50
    DblCmpLe.o                    50
    DblDiv.o                     194
    DblMul.o                     388
    DblToI32.o                    82
    IxxToDbl.o                    52
    --------------------------------------------------
    Total:                     1 240

rt6M_tl.a: [4]
    ABImemcpy.o                   78
    ABImemset.o                   94
    I32DivModFast.o              224
    I64DivMod.o                  106
    I64DivZer.o                    2
    IntDivZer.o                    2
    cexit.o                       10
    cmain.o                       30
    copy_init3.o                  48
    cstartup_M.o                  12
    data_init.o                   40
    memchr.o                      22
    strchr.o                      18
    strlen.o                      14
    zero_init3.o                  60
    --------------------------------------------------
    Total:                       760

shb_l.a: [5]
    exit.o                        20
    --------------------------------------------------
    Total:                        20

    Linker created                         38    1 024
------------------------------------------------------
    Grand Total:              12 318      266    2 102


*******************************************************************************
*** ENTRY LIST
***

Entry                       Address   Size  Type      Object
-----                       -------   ----  ----      ------
.iar.init_table$$Base    0x800'2f88          --   Gb  - Linker created -
.iar.init_table$$Limit   0x800'2fac          --   Gb  - Linker created -
?main                    0x800'2fad         Code  Gb  cmain.o [4]
CSTACK$$Base            0x2000'0438          --   Gb  - Linker created -
CSTACK$$Limit           0x2000'0838          --   Gb  - Linker created -
ComConfData             0x2000'0348   0x68  Data  Gb  protocol.o [1]
ComTask                  0x800'1665   0x4c  Code  Gb  protocol.o [1]
ConfigureAction          0x800'1769   0x16  Code  Lc  protocol.o [1]
ConfigureConfirmAction   0x800'1781  0x1c6  Code  Lc  protocol.o [1]
ControlAction            0x800'16b1   0x16  Code  Lc  protocol.o [1]
ControlConfirmAction     0x800'16c9   0x94  Code  Lc  protocol.o [1]
DebugAdd                 0x800'1e3f   0x3c  Code  Lc  hal_uart.o [1]
DebugBuff               0x2000'01d0  0x100  Data  Lc  hal_uart.o [1]
DebugCheck               0x800'1e81    0x6  Code  Gb  hal_uart.o [1]
DebugCount              0x2000'0431    0x1  Data  Lc  hal_uart.o [1]
DebugGetData             0x800'1e91   0x44  Code  Gb  hal_uart.o [1]
DebugHead               0x2000'042f    0x1  Data  Lc  hal_uart.o [1]
DebugTail               0x2000'0430    0x1  Data  Lc  hal_uart.o [1]
DebugUartInit            0x800'1bf7   0x8a  Code  Gb  hal_uart.o [1]
DebugUartReInit          0x800'1c81   0xe0  Code  Gb  hal_uart.o [1]
DebugUartSend            0x800'1ef9   0x32  Code  Gb  hal_uart.o [1]
DelayInit                0x800'2c19    0x8  Code  Gb  delay.o [1]
DelayTimerInit           0x800'1fc5   0x4c  Code  Gb  hal_timer.o [1]
Delay_ms                 0x800'2c35    0xe  Code  Gb  delay.o [1]
Delay_us                 0x800'2c21   0x14  Code  Gb  delay.o [1]
FLASH_SetLatency         0x800'2e1d    0xe  Code  Gb  n32g030_flash.o [1]
FuncTable               0x2000'0000   0x48  Data  Gb  protocol.o [1]
GPIO_InitPeripheral      0x800'2239  0x16a  Code  Gb  n32g030_gpio.o [1]
GPIO_InitStruct          0x800'23a3   0x16  Code  Gb  n32g030_gpio.o [1]
GPIO_ReadInputDataBit    0x800'23c5    0xe  Code  Gb  n32g030_gpio.o [1]
GPIO_ResetBits           0x800'23d7    0x4  Code  Gb  n32g030_gpio.o [1]
GPIO_SetBits             0x800'23d3    0x4  Code  Gb  n32g030_gpio.o [1]
GPIO_WriteBit            0x800'23db    0xc  Code  Gb  n32g030_gpio.o [1]
GpioInit                 0x800'20cd   0x92  Code  Gb  hal_gpio.o [1]
HSEStartUpStatus        0x2000'0434    0x1  Data  Gb  main.o [1]
HSIStartUpStatus        0x2000'0435    0x1  Data  Gb  main.o [1]
HardFault_Handler        0x800'0f31    0x2  Code  Gb  n32g030_it.o [1]
HostAdd                  0x800'1d61   0x3c  Code  Lc  hal_uart.o [1]
HostBuff                0x2000'00d0  0x100  Data  Lc  hal_uart.o [1]
HostCheck                0x800'1d9d    0xe  Code  Gb  hal_uart.o [1]
HostCount               0x2000'042e    0x1  Data  Lc  hal_uart.o [1]
HostGetData              0x800'1dab   0x44  Code  Gb  hal_uart.o [1]
HostHead                0x2000'042c    0x1  Data  Lc  hal_uart.o [1]
HostTail                0x2000'042d    0x1  Data  Lc  hal_uart.o [1]
HostUartInit             0x800'1b75   0x82  Code  Gb  hal_uart.o [1]
HostUartSend             0x800'1e0d   0x32  Code  Gb  hal_uart.o [1]
IO_Action                0x800'19b5   0x2c  Code  Lc  protocol.o [1]
InOutStatusAction        0x800'19e5   0x1c  Code  Lc  protocol.o [1]
IoDirSet                 0x800'215f   0x72  Code  Gb  hal_gpio.o [1]
IoOutputLevel            0x800'21d1   0x56  Code  Gb  hal_gpio.o [1]
LPTIM_TIM6_IRQHandler    0x800'2063   0x4e  Code  Gb  hal_timer.o [1]
LoadInt                  0x800'026d   0x74  Code  Lc  xprintffull_nomb.o [2]
MCU_Init                 0x800'2e59   0x34  Code  Gb  init.o [1]
NMI_Handler              0x800'0f2f    0x2  Code  Gb  n32g030_it.o [1]
NVIC_DisableIRQ          0x800'254f    0xe  Code  Lc  misc.o [1]
NVIC_EnableIRQ           0x800'2541    0xe  Code  Lc  misc.o [1]
NVIC_Init                0x800'25a1   0x24  Code  Gb  misc.o [1]
NVIC_SetPriority         0x800'255d   0x44  Code  Lc  misc.o [1]
NetLedStatusAction       0x800'1a05   0x30  Code  Lc  protocol.o [1]
PendSV_Handler           0x800'0f35    0x2  Code  Gb  n32g030_it.o [1]
ProStr                  0x2000'02d0   0x74  Data  Gb  protocol.o [1]
ProTimerCount           0x2000'0432    0x2  Data  Lc  hal_timer.o [1]
ProTimerDisable          0x800'2023    0xc  Code  Gb  hal_timer.o [1]
ProTimerEnable           0x800'2011   0x12  Code  Gb  hal_timer.o [1]
ProtocolParse            0x800'1a71   0xc4  Code  Lc  protocol.o [1]
ProtocolParse::len_temp
                        0x2000'0344    0x4  Data  Lc  protocol.o [1]
RCC_ConfigHclk           0x800'28c5    0xe  Code  Gb  n32g030_rcc.o [1]
RCC_ConfigHse            0x800'27ad   0x36  Code  Gb  n32g030_rcc.o [1]
RCC_ConfigHsi            0x800'2813   0x18  Code  Gb  n32g030_rcc.o [1]
RCC_ConfigPclk1          0x800'28d3    0xe  Code  Gb  n32g030_rcc.o [1]
RCC_ConfigPclk2          0x800'28e1   0x10  Code  Gb  n32g030_rcc.o [1]
RCC_ConfigPll            0x800'285b   0x38  Code  Gb  n32g030_rcc.o [1]
RCC_ConfigSysclk         0x800'28ad    0xe  Code  Gb  n32g030_rcc.o [1]
RCC_DeInit               0x800'2775   0x38  Code  Gb  n32g030_rcc.o [1]
RCC_EnableAPB1PeriphClk
                         0x800'2a01   0x14  Code  Gb  n32g030_rcc.o [1]
RCC_EnableAPB1PeriphReset
                         0x800'2a35   0x14  Code  Gb  n32g030_rcc.o [1]
RCC_EnableAPB2PeriphClk
                         0x800'29ed   0x14  Code  Gb  n32g030_rcc.o [1]
RCC_EnableAPB2PeriphReset
                         0x800'2a19   0x14  Code  Gb  n32g030_rcc.o [1]
RCC_EnablePll            0x800'2893   0x1a  Code  Gb  n32g030_rcc.o [1]
RCC_GetClocksFreqValue   0x800'2915   0xce  Code  Gb  n32g030_rcc.o [1]
RCC_GetFlagStatus        0x800'2a49   0x26  Code  Gb  n32g030_rcc.o [1]
RCC_GetSysclkSrc         0x800'28bb    0xa  Code  Gb  n32g030_rcc.o [1]
RCC_WaitHseStable        0x800'27e3   0x30  Code  Gb  n32g030_rcc.o [1]
RCC_WaitHsiStable        0x800'282b   0x30  Code  Gb  n32g030_rcc.o [1]
Region$$Table$$Base      0x800'2f88          --   Gb  - Linker created -
Region$$Table$$Limit     0x800'2fac          --   Gb  - Linker created -
RunningLedStatusAction   0x800'1a39   0x30  Code  Lc  protocol.o [1]
SVC_Handler              0x800'0f33    0x2  Code  Gb  n32g030_it.o [1]
SendIrByte               0x800'2419   0x3e  Code  Lc  ir_control.o [1]
SendIrData               0x800'2457   0x78  Code  Gb  ir_control.o [1]
SendIrStartCode          0x800'23f9   0x20  Code  Lc  ir_control.o [1]
SetSysClock              0x800'2c8d   0x8c  Code  Lc  system_n32g030.o [1]
SetSysClockToPLL         0x800'2d41   0xb6  Code  Gb  main.o [1]
SysFlagVal              0x2000'0424    0x4  Data  Gb  init.o [1]
SysInfo                 0x2000'00c8    0x8  Data  Gb  init.o [1]
SysTick_Handler          0x800'0f37    0x2  Code  Gb  n32g030_it.o [1]
SystemInit               0x800'2c45   0x48  Code  Gb  system_n32g030.o [1]
TIM3_IRQHandler          0x800'202f   0x34  Code  Gb  hal_timer.o [1]
TIM_ClrIntPendingBit     0x800'2c13    0x6  Code  Gb  n32g030_tim.o [1]
TIM_ConfigInt            0x800'2be3   0x12  Code  Gb  n32g030_tim.o [1]
TIM_ConfigPrescaler      0x800'2bf5    0x6  Code  Gb  n32g030_tim.o [1]
TIM_Enable               0x800'2bcd   0x16  Code  Gb  n32g030_tim.o [1]
TIM_GetIntStatus         0x800'2bfb   0x18  Code  Gb  n32g030_tim.o [1]
TIM_InitTimeBase         0x800'2acd   0xd6  Code  Gb  n32g030_tim.o [1]
TimerInit                0x800'1f69   0x5c  Code  Gb  hal_timer.o [1]
USART1_IRQHandler        0x800'1def   0x1e  Code  Gb  hal_uart.o [1]
USART2_IRQHandler        0x800'1ed5   0x1e  Code  Gb  hal_uart.o [1]
USART_ConfigInt          0x800'26b9   0x36  Code  Gb  n32g030_usart.o [1]
USART_DeInit             0x800'25d5   0x3a  Code  Gb  n32g030_usart.o [1]
USART_Enable             0x800'26a1   0x18  Code  Gb  n32g030_usart.o [1]
USART_GetFlagStatus      0x800'2719    0xe  Code  Gb  n32g030_usart.o [1]
USART_GetIntStatus       0x800'2727   0x4c  Code  Gb  n32g030_usart.o [1]
USART_Init               0x800'260f   0x7c  Code  Gb  n32g030_usart.o [1]
USART_ReceiveData        0x800'26f7    0x8  Code  Gb  n32g030_usart.o [1]
USART_SendData           0x800'26ef    0x8  Code  Gb  n32g030_usart.o [1]
USART_StructInit         0x800'268b   0x16  Code  Gb  n32g030_usart.o [1]
UartReadAction           0x800'1959   0x5a  Code  Lc  protocol.o [1]
VarInit                  0x800'2e31   0x22  Code  Lc  init.o [1]
_GenldFullNoMb           0x800'0c7d  0x27c  Code  Lc  xprintffull_nomb.o [2]
_LdtobFullNoMb           0x800'0811  0x456  Code  Lc  xprintffull_nomb.o [2]
_LitobFullNoMb           0x800'06a5  0x120  Code  Lc  xprintffull_nomb.o [2]
_Locale_lconv           0x2000'0090   0x38  Data  Lc  xlocale_c.o [2]
_PrintfFullNoMb          0x800'00c1  0x19e  Code  Gb  xprintffull_nomb.o [2]
_Prout                   0x800'2fe3   0x16  Code  Gb  xprout.o [2]
_PutcharsFullNoMb        0x800'0ef9   0x34  Code  Lc  xprintffull_nomb.o [2]
_PutfldFullNoMb          0x800'02e1  0x264  Code  Lc  xprintffull_nomb.o [2]
_PuttxtFullNoMb          0x800'0591  0x114  Code  Lc  xprintffull_nomb.o [2]
__aeabi_cdcmple          0x800'11f7         Code  Gb  DblCmpLe.o [3]
__aeabi_cdrcmple         0x800'1229         Code  Gb  DblCmpGe.o [3]
__aeabi_d2iz             0x800'125d         Code  Gb  DblToI32.o [3]
__aeabi_d2uiz            0x800'1281         Code  Gb  DblToI32.o [3]
__aeabi_ddiv             0x800'156d         Code  Gb  DblDiv.o [3]
__aeabi_dmul             0x800'1025         Code  Gb  DblMul.o [3]
__aeabi_dsub             0x800'139f         Code  Gb  DblAddSub.o [3]
__aeabi_i2d              0x800'12d1         Code  Gb  IxxToDbl.o [3]
__aeabi_idiv             0x800'14b9         Code  Gb  I32DivModFast.o [4]
__aeabi_idiv0            0x800'164d         Code  Gb  IntDivZer.o [4]
__aeabi_idivmod          0x800'14b9         Code  Gb  I32DivModFast.o [4]
__aeabi_ldiv0            0x800'1649         Code  Gb  I64DivZer.o [4]
__aeabi_memclr4          0x800'2501         Code  Gb  ABImemset.o [4]
__aeabi_memclr8          0x800'2501         Code  Gb  ABImemset.o [4]
__aeabi_memcpy           0x800'11dd         Code  Gb  ABImemcpy.o [4]
__aeabi_memcpy4          0x800'11a9         Code  Gb  ABImemcpy.o [4]
__aeabi_memcpy8          0x800'11a9         Code  Gb  ABImemcpy.o [4]
__aeabi_memset           0x800'24e1         Code  Gb  ABImemset.o [4]
__aeabi_memset4          0x800'2505         Code  Gb  ABImemset.o [4]
__aeabi_memset8          0x800'2505         Code  Gb  ABImemset.o [4]
__aeabi_ui2d             0x800'12b1         Code  Gb  IxxToDbl.o [3]
__aeabi_uidiv            0x800'14bf         Code  Gb  I32DivModFast.o [4]
__aeabi_uidivmod         0x800'14bf         Code  Gb  I32DivModFast.o [4]
__aeabi_uldivmod         0x800'0fbb         Code  Gb  I64DivMod.o [4]
__cmain                  0x800'2fad         Code  Gb  cmain.o [4]
__exit                   0x800'1651   0x14  Code  Gb  exit.o [5]
__iar_Fail_s             0x800'0f4d   0x22  Code  Gb  xfail_s.o [2]
__iar_Memchr             0x800'0fa5         Code  Gb  memchr.o [4]
__iar_Memcpy             0x800'11e9         Code  Gb  ABImemcpy.o [4]
__iar_Memset4_word       0x800'2511         Code  Gb  ABImemset.o [4]
__iar_Memset_word        0x800'24ed         Code  Gb  ABImemset.o [4]
__iar_Stdout            0x2000'0048   0x48  Data  Gb  xfiles.o [2]
__iar_Strchr             0x800'0f39         Code  Gb  strchr.o [4]
__iar_copy_init3         0x800'2f31   0x30  Code  Gb  copy_init3.o [4]
__iar_d2uiz              0x800'1285         Code  Gb  DblToI32.o [3]
__iar_data_init3         0x800'2f61   0x28  Code  Gb  data_init.o [4]
__iar_program_start      0x800'3029         Code  Gb  cstartup_M.o [4]
__iar_zero_init3         0x800'2ef5   0x3c  Code  Gb  zero_init3.o [4]
__low_level_init         0x800'2fcb    0x4  Code  Gb  low_level_init.o [2]
__vector_table           0x800'0000         Data  Gb  startup_n32g030_EWARM.o [1]
_call_main               0x800'2fb9         Code  Gb  cmain.o [4]
_exit                    0x800'2fd9         Code  Gb  cexit.o [4]
_main                    0x800'2fc7         Code  Gb  cmain.o [4]
abort                    0x800'163d    0xa  Code  Gb  abort.o [2]
confData                0x2000'0400   0x20  Data  Gb  protocol.o [1]
delayCount              0x2000'0420    0x4  Data  Gb  delay.o [1]
exit                     0x800'2fcf    0x8  Code  Gb  exit.o [2]
fputc                    0x800'1f31   0x20  Code  Gb  hal_uart.o [1]
localeconv               0x800'1631    0x4  Code  Gb  xlocale_c.o [2]
main                     0x800'2df7   0x14  Code  Gb  main.o [1]
memchr                   0x800'0fa5         Code  Gb  memchr.o [4]
obuf                    0x2000'03b0   0x50  Data  Lc  xfiles.o [2]
printf                   0x800'2ecd   0x28  Code  Gb  printf.o [2]
putchar                  0x800'2ff9   0x10  Code  Gb  putchar.o [2]
s_AdcHclkPresTable       0x800'2a9c   0x10  Data  Lc  n32g030_rcc.o [1]
s_AdcPllClkPresTable     0x800'2aac   0x20  Data  Lc  n32g030_rcc.o [1]
s_ApbAhbPresTable        0x800'2a8c   0x10  Data  Lc  n32g030_rcc.o [1]
scale                    0x800'07c5   0x44  Code  Lc  xprintffull_nomb.o [2]
sec_hand                0x2000'0428    0x4  Data  Lc  xfail_s.o [2]
strchr                   0x800'0f39         Code  Gb  strchr.o [4]
strlen                   0x800'0f95         Code  Gb  strlen.o [4]


[1] = E:\workCode\git\Irda\SourceCode\Debug\Obj
[2] = dl6M_tlf.a
[3] = m6M_tl.a
[4] = rt6M_tl.a
[5] = shb_l.a

  12 318 bytes of readonly  code memory
     266 bytes of readonly  data memory
   2 102 bytes of readwrite data memory

Errors: none
Warnings: none
